// Vitest Snapshot v1, https://vitest.dev/guide/snapshot.html

exports[`Icons Component > should match the snapshot for BlueskyIcon 1`] = `
<div>
  <svg
    fill="currentColor"
    height="1em"
    viewBox="0 0 256 256"
    width="1em"
    xmlns="http://www.w3.org/2000/svg"
  />
</div>
`;

exports[`Icons Component > should render BlueskyIcon correctly 1`] = `
<div>
  <svg
    fill="currentColor"
    height="1em"
    viewBox="0 0 256 256"
    width="1em"
    xmlns="http://www.w3.org/2000/svg"
  />
</div>
`;
